     VMA      LMA     Size Align Out     In      Symbol
       0        0 80200000     1 . = 0x80200000
80200000        0        0     1 __kernel_base = .
80200000 80200000     1522     4 .text
80200000 80200000        e     2         /var/folders/4h/4r9wntq10l75vq5j2s935ycc0000gq/T/kernel-3edfcf.o:(.text.boot)
80200000 80200000        0     1                 .L0 
80200000 80200000        0     1                 .L0 
80200000 80200000        0     1                 $x
80200000 80200000        0     1                 .L0 
80200000 80200000        e     1                 boot
8020000e 8020000e        0     1                 .L0 
8020000e 8020000e        0     1                 .L0 
80200010 80200010     12d8     4         /var/folders/4h/4r9wntq10l75vq5j2s935ycc0000gq/T/kernel-3edfcf.o:(.text)
80200010 80200010        0     1                 .L0 
80200010 80200010        0     1                 .L0 
80200010 80200010        0     1                 $x
80200010 80200010        0     1                 .L0 
80200010 80200010       52     1                 alloc_pages
80200016 80200016        0     1                 .L0 
8020001e 8020001e        0     1                 .L0 
8020001e 8020001e        0     1                 .L0 
80200022 80200022        0     1                 .L0 
80200026 80200026        0     1                 .L0 
80200026 80200026        0     1                 .L0 
8020002e 8020002e        0     1                 .L0 
80200032 80200032        0     1                 .L0 
80200036 80200036        0     1                 .L0 
8020004e 8020004e        0     1                 .L0 
8020004e 8020004e        0     1                 .L0 
80200050 80200050        0     1                 .L0 
80200050 80200050        0     1                 .L0 
80200058 80200058        0     1                 .L0 
80200058 80200058        0     1                 .L0 
8020005e 8020005e        0     1                 .L0 
8020005e 8020005e        0     1                 .L0 
80200062 80200062        0     1                 .L0 
80200062 80200062        0     1                 .L0 
80200062 80200062        0     1                 .L0 
80200062 80200062        0     1                 .L0 
80200062 80200062        0     1                 .L0 
80200062 80200062       e0     1                 map_page
80200072 80200072        0     1                 .L0 
80200072 80200072        0     1                 .L0 
80200076 80200076        0     1                 .L0 
8020007a 8020007a        0     1                 .L0 
8020008a 8020008a        0     1                 .L0 
8020008c 8020008c        0     1                 .L0 
80200090 80200090        0     1                 .L0 
80200090 80200090        0     1                 .L0 
80200092 80200092        0     1                 .L0 
80200092 80200092        0     1                 .L0 
80200092 80200092        0     1                 .L0 
80200096 80200096        0     1                 .L0 
80200098 80200098        0     1                 .L0 
8020009a 8020009a        0     1                 .L0 
8020009e 8020009e        0     1                 .L0 
802000ac 802000ac        0     1                 .L0 
802000b0 802000b0        0     1                 .L0 
802000b4 802000b4        0     1                 .L0 
802000b4 802000b4        0     1                 .L0 
802000b6 802000b6        0     1                 .L0 
802000b6 802000b6        0     1                 .L0 
802000b6 802000b6        0     1                 .L0 
802000c2 802000c2        0     1                 .L0 
802000c2 802000c2        0     1                 .L0 
802000c6 802000c6        0     1                 .L0 
802000c8 802000c8        0     1                 .L0 
802000c8 802000c8        0     1                 .L0 
802000d0 802000d0        0     1                 .L0 
802000d0 802000d0        0     1                 .L0 
802000d2 802000d2        0     1                 .L0 
802000d4 802000d4        0     1                 .L0 
802000dc 802000dc        0     1                 .L0 
802000e0 802000e0        0     1                 .L0 
802000e4 802000e4        0     1                 .L0 
802000f8 802000f8        0     1                 .L0 
802000fc 802000fc        0     1                 .L0 
802000fc 802000fc        0     1                 .L0 
802000fe 802000fe        0     1                 .L0 
802000fe 802000fe        0     1                 .L0 
802000fe 802000fe        0     1                 .L0 
80200100 80200100        0     1                 .L0 
80200100 80200100        0     1                 .L0 
80200108 80200108        0     1                 .L0 
8020010c 8020010c        0     1                 .L0 
8020010c 8020010c        0     1                 .L0 
80200110 80200110        0     1                 .L0 
80200110 80200110        0     1                 .L0 
80200116 80200116        0     1                 .L0 
80200118 80200118        0     1                 .L0 
8020011a 8020011a        0     1                 .L0 
8020011a 8020011a        0     1                 .L0 
8020011a 8020011a        0     1                 .L0 
8020011e 8020011e        0     1                 .L0 
8020011e 8020011e        0     1                 .L0 
80200120 80200120        0     1                 .L0 
80200126 80200126        0     1                 .L0 
80200128 80200128        0     1                 .L0 
80200128 80200128        0     1                 .L0 
8020012c 8020012c        0     1                 .L0 
80200130 80200130        0     1                 .L0 
80200130 80200130        0     1                 .L0 
8020013e 8020013e        0     1                 .L0 
80200142 80200142        0     1                 .L0 
80200142 80200142        0     1                 .L0 
80200142 80200142        0     1                 .L0 
80200142 80200142        0     1                 .L0 
80200142 80200142        0     1                 .L0 
80200142 80200142        6     1                 sbi_call
80200146 80200146        0     1                 .L0 
80200146 80200146        0     1                 .L0 
80200148 80200148        0     1                 .L0 
80200148 80200148        0     1                 .L0 
80200148 80200148        0     1                 .L0 
80200148 80200148        a     1                 virtio_reg_read32
8020014e 8020014e        0     1                 .L0 
8020014e 8020014e        0     1                 .L0 
80200150 80200150        0     1                 .L0 
80200152 80200152        0     1                 .L0 
80200152 80200152        0     1                 .L0 
80200152 80200152        0     1                 .L0 
80200152 80200152        c     1                 virtio_reg_read64
80200156 80200156        0     1                 .L0 
80200158 80200158        0     1                 .L0 
80200158 80200158        0     1                 .L0 
8020015c 8020015c        0     1                 .L0 
8020015e 8020015e        0     1                 .L0 
8020015e 8020015e        0     1                 .L0 
8020015e 8020015e        0     1                 .L0 
8020015e 8020015e        a     1                 virtio_reg_write32
80200164 80200164        0     1                 .L0 
80200164 80200164        0     1                 .L0 
80200166 80200166        0     1                 .L0 
80200168 80200168        0     1                 .L0 
80200168 80200168        0     1                 .L0 
80200168 80200168        0     1                 .L0 
80200168 80200168        e     1                 virtio_reg_fetch_and_or32
8020016e 8020016e        0     1                 .L0 
8020016e 8020016e        0     1                 .L0 
80200170 80200170        0     1                 .L0 
80200172 80200172        0     1                 .L0 
80200172 80200172        0     1                 .L0 
80200174 80200174        0     1                 .L0 
80200176 80200176        0     1                 .L0 
80200176 80200176        0     1                 .L0 
80200176 80200176        0     1                 .L0 
80200176 80200176       1a     1                 virtq_is_busy
8020017c 8020017c        0     1                 .L0 
8020017e 8020017e        0     1                 .L0 
8020017e 8020017e        0     1                 .L0 
80200180 80200180        0     1                 .L0 
80200184 80200184        0     1                 .L0 
80200188 80200188        0     1                 .L0 
8020018e 8020018e        0     1                 .L0 
80200190 80200190        0     1                 .L0 
80200190 80200190        0     1                 .L0 
80200190 80200190        0     1                 .L0 
80200190 80200190       36     1                 virtq_kick
8020019a 8020019a        0     1                 .L0 
8020019c 8020019c        0     1                 .L0 
802001a0 802001a0        0     1                 .L0 
802001a2 802001a2        0     1                 .L0 
802001a4 802001a4        0     1                 .L0 
802001a8 802001a8        0     1                 .L0 
802001ae 802001ae        0     1                 .L0 
802001b2 802001b2        0     1                 .L0 
802001b4 802001b4        0     1                 .L0 
802001b4 802001b4        0     1                 .L0 
802001b8 802001b8        0     1                 .L0 
802001b8 802001b8        0     1                 .L0 
802001ba 802001ba        0     1                 .L0 
802001c4 802001c4        0     1                 .L0 
802001c6 802001c6        0     1                 .L0 
802001c6 802001c6        0     1                 .L0 
802001c6 802001c6        0     1                 .L0 
802001c6 802001c6       78     1                 virtq_init
802001ce 802001ce        0     1                 .L0 
802001ce 802001ce        0     1                 .L0 
802001d6 802001d6        0     1                 .L0 
802001d6 802001d6        0     1                 .L0 
802001d8 802001d8        0     1                 .L0 
802001da 802001da        0     1                 .L0 
802001dc 802001dc        0     1                 .L0 
802001e4 802001e4        0     1                 .L0 
802001e8 802001e8        0     1                 .L0 
802001ec 802001ec        0     1                 .L0 
80200204 80200204        0     1                 .L0 
80200204 80200204        0     1                 .L0 
80200206 80200206        0     1                 .L0 
80200206 80200206        0     1                 .L0 
80200210 80200210        0     1                 .L0 
80200210 80200210        0     1                 .L0 
80200212 80200212        0     1                 .L0 
80200216 80200216        0     1                 .L0 
8020021c 8020021c        0     1                 .L0 
8020021e 8020021e        0     1                 .L0 
80200226 80200226        0     1                 .L0 
80200226 80200226        0     1                 .L0 
8020022a 8020022a        0     1                 .L0 
8020022a 8020022a        0     1                 .L0 
8020022c 8020022c        0     1                 .L0 
8020022c 8020022c        0     1                 .L0 
80200230 80200230        0     1                 .L0 
80200230 80200230        0     1                 .L0 
80200232 80200232        0     1                 .L0 
80200238 80200238        0     1                 .L0 
80200238 80200238        0     1                 .L0 
8020023a 8020023a        0     1                 .L0 
8020023a 8020023a        0     1                 .L0 
8020023e 8020023e        0     1                 .L0 
8020023e 8020023e        0     1                 .L0 
8020023e 8020023e        0     1                 .L0 
8020023e 8020023e        0     1                 .L0 
8020023e 8020023e        0     1                 .L0 
8020023e 8020023e      178     1                 virtio_blk_init
80200250 80200250        0     1                 .L0 
80200250 80200250        0     1                 .L0 
8020025a 8020025a        0     1                 .L0 
8020025e 8020025e        0     1                 .L0 
8020025e 8020025e        0     1                 .L0 
80200262 80200262        0     1                 .L0 
80200266 80200266        0     1                 .L0 
80200266 80200266        0     1                 .L0 
8020026a 8020026a        0     1                 .L0 
8020026e 8020026e        0     1                 .L0 
8020026e 8020026e        0     1                 .L0 
80200272 80200272        0     1                 .L0 
80200272 80200272        0     1                 .L0 
80200274 80200274        0     1                 .L0 
80200278 80200278        0     1                 .L0 
80200278 80200278        0     1                 .L0 
8020027a 8020027a        0     1                 .L0 
8020027a 8020027a        0     1                 .L0 
8020027c 8020027c        0     1                 .L0 
80200280 80200280        0     1                 .L0 
80200280 80200280        0     1                 .L0 
80200282 80200282        0     1                 .L0 
80200282 80200282        0     1                 .L0 
80200284 80200284        0     1                 .L0 
80200288 80200288        0     1                 .L0 
80200288 80200288        0     1                 .L0 
8020028a 8020028a        0     1                 .L0 
8020028a 8020028a        0     1                 .L0 
80200292 80200292        0     1                 .L0 
80200292 80200292        0     1                 .L0 
80200294 80200294        0     1                 .L0 
80200296 80200296        0     1                 .L0 
8020029e 8020029e        0     1                 .L0 
802002a2 802002a2        0     1                 .L0 
802002a6 802002a6        0     1                 .L0 
802002be 802002be        0     1                 .L0 
802002be 802002be        0     1                 .L0 
802002c0 802002c0        0     1                 .L0 
802002c0 802002c0        0     1                 .L0 
802002c0 802002c0        0     1                 .L0 
802002d8 802002d8        0     1                 .L0 
802002d8 802002d8        0     1                 .L0 
802002da 802002da        0     1                 .L0 
802002da 802002da        0     1                 .L0 
802002f2 802002f2        0     1                 .L0 
802002f2 802002f2        0     1                 .L0 
802002f4 802002f4        0     1                 .L0 
802002f4 802002f4        0     1                 .L0 
8020030c 8020030c        0     1                 .L0 
8020030c 8020030c        0     1                 .L0 
8020030e 8020030e        0     1                 .L0 
8020030e 8020030e        0     1                 .L0 
8020030e 8020030e        0     1                 .L0 
80200318 80200318        0     1                 .L0 
80200318 80200318        0     1                 .L0 
8020031a 8020031a        0     1                 .L0 
8020031e 8020031e        0     1                 .L0 
80200326 80200326        0     1                 .L0 
80200328 80200328        0     1                 .L0 
8020032c 8020032c        0     1                 .L0 
8020032c 8020032c        0     1                 .L0 
80200332 80200332        0     1                 .L0 
80200332 80200332        0     1                 .L0 
80200334 80200334        0     1                 .L0 
80200334 80200334        0     1                 .L0 
80200338 80200338        0     1                 .L0 
80200338 80200338        0     1                 .L0 
8020033a 8020033a        0     1                 .L0 
8020033a 8020033a        0     1                 .L0 
80200344 80200344        0     1                 .L0 
80200344 80200344        0     1                 .L0 
80200346 80200346        0     1                 .L0 
80200346 80200346        0     1                 .L0 
8020034e 8020034e        0     1                 .L0 
80200350 80200350        0     1                 .L0 
80200358 80200358        0     1                 .L0 
80200364 80200364        0     1                 .L0 
80200364 80200364        0     1                 .L0 
80200368 80200368        0     1                 .L0 
80200368 80200368        0     1                 .L0 
8020036e 8020036e        0     1                 .L0 
80200372 80200372        0     1                 .L0 
80200372 80200372        0     1                 .L0 
8020038a 8020038a        0     1                 .L0 
8020038a 8020038a        0     1                 .L0 
8020038c 8020038c        0     1                 .L0 
8020038c 8020038c        0     1                 .L0 
80200396 80200396        0     1                 .L0 
80200396 80200396        0     1                 .L0 
8020039e 8020039e        0     1                 .L0 
802003aa 802003aa        0     1                 .L0 
802003aa 802003aa        0     1                 .L0 
802003b2 802003b2        0     1                 .L0 
802003b6 802003b6        0     1                 .L0 
802003b6 802003b6        0     1                 .L0 
802003b6 802003b6        0     1                 .L0 
802003b6 802003b6        0     1                 .L0 
802003b6 802003b6        0     1                 .L0 
802003b6 802003b6      162     1                 read_write_disk
802003c0 802003c0        0     1                 .L0 
802003c8 802003c8        0     1                 .L0 
802003ca 802003ca        0     1                 .L0 
802003ce 802003ce        0     1                 .L0 
802003d0 802003d0        0     1                 .L0 
802003d2 802003d2        0     1                 .L0 
802003d2 802003d2        0     1                 .L0 
802003da 802003da        0     1                 .L0 
80200408 80200408        0     1                 .L0 
8020040c 8020040c        0     1                 .L0 
8020040c 8020040c        0     1                 .L0 
8020041c 8020041c        0     1                 .L0 
8020041e 8020041e        0     1                 .L0 
80200420 80200420        0     1                 .L0 
8020042a 8020042a        0     1                 .L0 
8020042a 8020042a        0     1                 .L0 
8020042e 8020042e        0     1                 .L0 
8020042e 8020042e        0     1                 .L0 
8020042e 8020042e        0     1                 .L0 
80200432 80200432        0     1                 .L0 
80200438 80200438        0     1                 .L0 
80200438 80200438        0     1                 .L0 
8020043a 8020043a        0     1                 .L0 
8020043a 8020043a        0     1                 .L0 
8020043c 8020043c        0     1                 .L0 
8020043c 8020043c        0     1                 .L0 
80200444 80200444        0     1                 .L0 
80200444 80200444        0     1                 .L0 
80200446 80200446        0     1                 .L0 
80200454 80200454        0     1                 .L0 
8020045c 8020045c        0     1                 .L0 
80200462 80200462        0     1                 .L0 
80200464 80200464        0     1                 .L0 
80200468 80200468        0     1                 .L0 
80200472 80200472        0     1                 .L0 
80200474 80200474        0     1                 .L0 
8020047a 8020047a        0     1                 .L0 
8020047e 8020047e        0     1                 .L0 
80200482 80200482        0     1                 .L0 
80200488 80200488        0     1                 .L0 
80200488 80200488        0     1                 .L0 
8020048e 8020048e        0     1                 .L0 
8020048e 8020048e        0     1                 .L0 
80200490 80200490        0     1                 .L0 
80200494 80200494        0     1                 .L0 
80200494 80200494        0     1                 .L0 
80200498 80200498        0     1                 .L0 
8020049a 8020049a        0     1                 .L0 
8020049a 8020049a        0     1                 .L0 
8020049c 8020049c        0     1                 .L0 
802004a0 802004a0        0     1                 .L0 
802004a6 802004a6        0     1                 .L0 
802004aa 802004aa        0     1                 .L0 
802004b0 802004b0        0     1                 .L0 
802004b0 802004b0        0     1                 .L0 
802004b2 802004b2        0     1                 .L0 
802004c4 802004c4        0     1                 .L0 
802004c4 802004c4        0     1                 .L0 
802004c4 802004c4        0     1                 .L0 
802004c8 802004c8        0     1                 .L0 
802004cc 802004cc        0     1                 .L0 
802004d4 802004d4        0     1                 .L0 
802004d8 802004d8        0     1                 .L0 
802004da 802004da        0     1                 .L0 
802004dc 802004dc        0     1                 .L0 
802004e4 802004e4        0     1                 .L0 
802004e4 802004e4        0     1                 .L0 
802004e4 802004e4        0     1                 .L0 
802004ee 802004ee        0     1                 .L0 
802004f2 802004f2        0     1                 .L0 
802004f2 802004f2        0     1                 .L0 
802004f2 802004f2        0     1                 .L0 
802004f4 802004f4        0     1                 .L0 
802004f8 802004f8        0     1                 .L0 
802004fa 802004fa        0     1                 .L0 
802004fc 802004fc        0     1                 .L0 
80200500 80200500        0     1                 .L0 
80200500 80200500        0     1                 .L0 
80200500 80200500        0     1                 .L0 
80200504 80200504        0     1                 .L0 
8020050e 8020050e        0     1                 .L0 
8020050e 8020050e        0     1                 .L0 
80200510 80200510        0     1                 .L0 
80200512 80200512        0     1                 .L0 
80200514 80200514        0     1                 .L0 
80200518 80200518        0     1                 .L0 
80200518 80200518        0     1                 .L0 
80200518 80200518        0     1                 .L0 
80200518 80200518        0     1                 .L0 
80200518 80200518        0     1                 .L0 
80200518 80200518       26     1                 oct2int
8020051a 8020051a        0     1                 .L0 
8020051a 8020051a        0     1                 .L0 
8020051e 8020051e        0     1                 .L0 
80200520 80200520        0     1                 .L0 
80200520 80200520        0     1                 .L0 
80200520 80200520        0     1                 .L0 
80200524 80200524        0     1                 .L0 
8020052c 8020052c        0     1                 .L0 
8020052e 8020052e        0     1                 .L0 
8020052e 8020052e        0     1                 .L0 
80200530 80200530        0     1                 .L0 
80200534 80200534        0     1                 .L0 
80200534 80200534        0     1                 .L0 
80200538 80200538        0     1                 .L0 
8020053a 8020053a        0     1                 .L0 
8020053a 8020053a        0     1                 .L0 
8020053a 8020053a        0     1                 .L0 
8020053e 8020053e        0     1                 .L0 
8020053e 8020053e        0     1                 .L0 
8020053e 8020053e        0     1                 .L0 
8020053e 8020053e        0     1                 .L0 
8020053e 8020053e        0     1                 .L0 
8020053e 8020053e      2ba     1                 fs_flush
80200558 80200558        0     1                 .L0 
8020056c 8020056c        0     1                 .L0 
8020056c 8020056c        0     1                 .L0 
80200572 80200572        0     1                 .L0 
8020059c 8020059c        0     1                 .L0 
8020059c 8020059c        0     1                 .L0 
8020059c 8020059c        0     1                 .L0 
802005a2 802005a2        0     1                 .L0 
802005a2 802005a2        0     1                 .L0 
802005a4 802005a4        0     1                 .L0 
802005a8 802005a8        0     1                 .L0 
802005a8 802005a8        0     1                 .L0 
802005a8 802005a8        0     1                 .L0 
802005ae 802005ae        0     1                 .L0 
802005ae 802005ae        0     1                 .L0 
802005b0 802005b0        0     1                 .L0 
802005b0 802005b0        0     1                 .L0 
802005b2 802005b2        0     1                 .L0 
802005b6 802005b6        0     1                 .L0 
802005b6 802005b6        0     1                 .L0 
802005c2 802005c2        0     1                 .L0 
802005c2 802005c2        0     1                 .L0 
802005c6 802005c6        0     1                 .L0 
802005cc 802005cc        0     1                 .L0 
802005cc 802005cc        0     1                 .L0 
802005d0 802005d0        0     1                 .L0 
802005d6 802005d6        0     1                 .L0 
802005d6 802005d6        0     1                 .L0 
802005da 802005da        0     1                 .L0 
802005e0 802005e0        0     1                 .L0 
802005e0 802005e0        0     1                 .L0 
802005e4 802005e4        0     1                 .L0 
802005ea 802005ea        0     1                 .L0 
802005ea 802005ea        0     1                 .L0 
802005ee 802005ee        0     1                 .L0 
802005ee 802005ee        0     1                 .L0 
802005f2 802005f2        0     1                 .L0 
802005f2 802005f2        0     1                 .L0 
80200600 80200600        0     1                 .L0 
80200600 80200600        0     1                 .L0 
80200608 80200608        0     1                 .L0 
8020060c 8020060c        0     1                 .L0 
80200610 80200610        0     1                 .L0 
80200610 80200610        0     1                 .L0 
8020061c 8020061c        0     1                 .L0 
8020061c 8020061c        0     1                 .L0 
80200620 80200620        0     1                 .L0 
80200624 80200624        0     1                 .L0 
8020062c 8020062c        0     1                 .L0 
8020062c 8020062c        0     1                 .L0 
80200638 80200638        0     1                 .L0 
80200638 80200638        0     1                 .L0 
8020063c 8020063c        0     1                 .L0 
80200640 80200640        0     1                 .L0 
80200648 80200648        0     1                 .L0 
80200648 80200648        0     1                 .L0 
80200654 80200654        0     1                 .L0 
80200654 80200654        0     1                 .L0 
80200658 80200658        0     1                 .L0 
8020065c 8020065c        0     1                 .L0 
80200664 80200664        0     1                 .L0 
80200664 80200664        0     1                 .L0 
80200670 80200670        0     1                 .L0 
80200670 80200670        0     1                 .L0 
80200674 80200674        0     1                 .L0 
80200678 80200678        0     1                 .L0 
80200680 80200680        0     1                 .L0 
80200680 80200680        0     1                 .L0 
8020068c 8020068c        0     1                 .L0 
8020068c 8020068c        0     1                 .L0 
80200690 80200690        0     1                 .L0 
80200694 80200694        0     1                 .L0 
8020069c 8020069c        0     1                 .L0 
8020069c 8020069c        0     1                 .L0 
802006aa 802006aa        0     1                 .L0 
802006aa 802006aa        0     1                 .L0 
802006ae 802006ae        0     1                 .L0 
802006b2 802006b2        0     1                 .L0 
802006ba 802006ba        0     1                 .L0 
802006ba 802006ba        0     1                 .L0 
802006c8 802006c8        0     1                 .L0 
802006c8 802006c8        0     1                 .L0 
802006cc 802006cc        0     1                 .L0 
802006d0 802006d0        0     1                 .L0 
802006da 802006da        0     1                 .L0 
802006da 802006da        0     1                 .L0 
802006e8 802006e8        0     1                 .L0 
802006e8 802006e8        0     1                 .L0 
802006ec 802006ec        0     1                 .L0 
802006f0 802006f0        0     1                 .L0 
802006f8 802006f8        0     1                 .L0 
802006f8 802006f8        0     1                 .L0 
80200706 80200706        0     1                 .L0 
80200706 80200706        0     1                 .L0 
8020070a 8020070a        0     1                 .L0 
8020070e 8020070e        0     1                 .L0 
80200714 80200714        0     1                 .L0 
80200714 80200714        0     1                 .L0 
80200718 80200718        0     1                 .L0 
80200718 80200718        0     1                 .L0 
8020071c 8020071c        0     1                 .L0 
80200720 80200720        0     1                 .L0 
80200720 80200720        0     1                 .L0 
8020072a 8020072a        0     1                 .L0 
8020072a 8020072a        0     1                 .L0 
8020072a 8020072a        0     1                 .L0 
8020072e 8020072e        0     1                 .L0 
80200730 80200730        0     1                 .L0 
80200732 80200732        0     1                 .L0 
80200736 80200736        0     1                 .L0 
80200736 80200736        0     1                 .L0 
8020073e 8020073e        0     1                 .L0 
80200742 80200742        0     1                 .L0 
80200742 80200742        0     1                 .L0 
8020074c 8020074c        0     1                 .L0 
80200750 80200750        0     1                 .L0 
80200750 80200750        0     1                 .L0 
8020075a 8020075a        0     1                 .L0 
8020075e 8020075e        0     1                 .L0 
8020075e 8020075e        0     1                 .L0 
80200768 80200768        0     1                 .L0 
8020076c 8020076c        0     1                 .L0 
8020076c 8020076c        0     1                 .L0 
80200776 80200776        0     1                 .L0 
8020077a 8020077a        0     1                 .L0 
8020077a 8020077a        0     1                 .L0 
80200782 80200782        0     1                 .L0 
80200786 80200786        0     1                 .L0 
80200786 80200786        0     1                 .L0 
8020078a 8020078a        0     1                 .L0 
8020078e 8020078e        0     1                 .L0 
8020078e 8020078e        0     1                 .L0 
8020079a 8020079a        0     1                 .L0 
8020079c 8020079c        0     1                 .L0 
8020079e 8020079e        0     1                 .L0 
8020079e 8020079e        0     1                 .L0 
8020079e 8020079e        0     1                 .L0 
802007a4 802007a4        0     1                 .L0 
802007ae 802007ae        0     1                 .L0 
802007b8 802007b8        0     1                 .L0 
802007c2 802007c2        0     1                 .L0 
802007ce 802007ce        0     1                 .L0 
802007ce 802007ce        0     1                 .L0 
802007ee 802007ee        0     1                 .L0 
802007ee 802007ee        0     1                 .L0 
802007f2 802007f2        0     1                 .L0 
802007f4 802007f4        0     1                 .L0 
802007f8 802007f8        0     1                 .L0 
802007f8 802007f8        0     1                 .L0 
802007f8 802007f8        0     1                 .L0 
802007f8 802007f8        0     1                 .L0 
802007f8 802007f8        0     1                 .L0 
802007f8 802007f8      20c     1                 fs_init
80200814 80200814        0     1                 .L0 
80200814 80200814        0     1                 .L0 
80200824 80200824        0     1                 .L0 
80200830 80200830        0     1                 .L0 
8020083a 8020083a        0     1                 .L0 
80200844 80200844        0     1                 .L0 
80200850 80200850        0     1                 .L0 
80200850 80200850        0     1                 .L0 
80200870 80200870        0     1                 .L0 
80200870 80200870        0     1                 .L0 
80200872 80200872        0     1                 .L0 
80200872 80200872        0     1                 .L0 
80200872 80200872        0     1                 .L0 
8020087e 8020087e        0     1                 .L0 
8020087e 8020087e        0     1                 .L0 
80200880 80200880        0     1                 .L0 
80200880 80200880        0     1                 .L0 
80200884 80200884        0     1                 .L0 
80200888 80200888        0     1                 .L0 
80200890 80200890        0     1                 .L0 
80200890 80200890        0     1                 .L0 
80200894 80200894        0     1                 .L0 
80200898 80200898        0     1                 .L0 
8020089e 8020089e        0     1                 .L0 
8020089e 8020089e        0     1                 .L0 
802008a2 802008a2        0     1                 .L0 
802008ac 802008ac        0     1                 .L0 
802008ac 802008ac        0     1                 .L0 
802008b0 802008b0        0     1                 .L0 
802008b4 802008b4        0     1                 .L0 
802008b4 802008b4        0     1                 .L0 
802008b8 802008b8        0     1                 .L0 
802008b8 802008b8        0     1                 .L0 
802008ba 802008ba        0     1                 .L0 
802008ba 802008ba        0     1                 .L0 
802008bc 802008bc        0     1                 .L0 
802008bc 802008bc        0     1                 .L0 
802008c0 802008c0        0     1                 .L0 
802008c0 802008c0        0     1                 .L0 
802008c0 802008c0        0     1                 .L0 
802008c4 802008c4        0     1                 .L0 
802008c4 802008c4        0     1                 .L0 
802008c8 802008c8        0     1                 .L0 
802008cc 802008cc        0     1                 .L0 
802008d0 802008d0        0     1                 .L0 
802008d8 802008d8        0     1                 .L0 
802008d8 802008d8        0     1                 .L0 
802008dc 802008dc        0     1                 .L0 
802008dc 802008dc        0     1                 .L0 
802008e0 802008e0        0     1                 .L0 
802008e8 802008e8        0     1                 .L0 
802008ec 802008ec        0     1                 .L0 
802008f0 802008f0        0     1                 .L0 
802008f4 802008f4        0     1                 .L0 
802008f4 802008f4        0     1                 .L0 
802008f8 802008f8        0     1                 .L0 
802008fc 802008fc        0     1                 .L0 
802008fe 802008fe        0     1                 .L0 
802008fe 802008fe        0     1                 .L0 
80200900 80200900        0     1                 .L0 
80200904 80200904        0     1                 .L0 
80200908 80200908        0     1                 .L0 
80200908 80200908        0     1                 .L0 
8020090c 8020090c        0     1                 .L0 
80200910 80200910        0     1                 .L0 
80200912 80200912        0     1                 .L0 
80200912 80200912        0     1                 .L0 
80200914 80200914        0     1                 .L0 
80200918 80200918        0     1                 .L0 
8020091c 8020091c        0     1                 .L0 
8020091c 8020091c        0     1                 .L0 
80200920 80200920        0     1                 .L0 
80200924 80200924        0     1                 .L0 
80200926 80200926        0     1                 .L0 
80200926 80200926        0     1                 .L0 
80200928 80200928        0     1                 .L0 
8020092c 8020092c        0     1                 .L0 
80200930 80200930        0     1                 .L0 
80200930 80200930        0     1                 .L0 
80200934 80200934        0     1                 .L0 
80200938 80200938        0     1                 .L0 
8020093a 8020093a        0     1                 .L0 
8020093a 8020093a        0     1                 .L0 
8020093c 8020093c        0     1                 .L0 
80200940 80200940        0     1                 .L0 
80200944 80200944        0     1                 .L0 
80200944 80200944        0     1                 .L0 
80200948 80200948        0     1                 .L0 
8020094c 8020094c        0     1                 .L0 
8020094e 8020094e        0     1                 .L0 
8020094e 8020094e        0     1                 .L0 
80200950 80200950        0     1                 .L0 
80200954 80200954        0     1                 .L0 
80200958 80200958        0     1                 .L0 
80200958 80200958        0     1                 .L0 
8020095c 8020095c        0     1                 .L0 
80200960 80200960        0     1                 .L0 
80200962 80200962        0     1                 .L0 
80200962 80200962        0     1                 .L0 
80200964 80200964        0     1                 .L0 
80200968 80200968        0     1                 .L0 
8020096c 8020096c        0     1                 .L0 
8020096c 8020096c        0     1                 .L0 
80200970 80200970        0     1                 .L0 
80200974 80200974        0     1                 .L0 
80200976 80200976        0     1                 .L0 
80200976 80200976        0     1                 .L0 
80200978 80200978        0     1                 .L0 
8020097c 8020097c        0     1                 .L0 
80200980 80200980        0     1                 .L0 
80200980 80200980        0     1                 .L0 
80200984 80200984        0     1                 .L0 
80200988 80200988        0     1                 .L0 
8020098a 8020098a        0     1                 .L0 
8020098a 8020098a        0     1                 .L0 
8020098c 8020098c        0     1                 .L0 
80200990 80200990        0     1                 .L0 
80200994 80200994        0     1                 .L0 
80200994 80200994        0     1                 .L0 
80200998 80200998        0     1                 .L0 
8020099c 8020099c        0     1                 .L0 
8020099e 8020099e        0     1                 .L0 
8020099e 8020099e        0     1                 .L0 
802009a0 802009a0        0     1                 .L0 
802009a4 802009a4        0     1                 .L0 
802009a8 802009a8        0     1                 .L0 
802009a8 802009a8        0     1                 .L0 
802009ac 802009ac        0     1                 .L0 
802009b0 802009b0        0     1                 .L0 
802009b2 802009b2        0     1                 .L0 
802009b2 802009b2        0     1                 .L0 
802009b4 802009b4        0     1                 .L0 
802009b8 802009b8        0     1                 .L0 
802009bc 802009bc        0     1                 .L0 
802009bc 802009bc        0     1                 .L0 
802009c0 802009c0        0     1                 .L0 
802009c2 802009c2        0     1                 .L0 
802009c2 802009c2        0     1                 .L0 
802009c4 802009c4        0     1                 .L0 
802009c8 802009c8        0     1                 .L0 
802009c8 802009c8        0     1                 .L0 
802009ca 802009ca        0     1                 .L0 
802009ca 802009ca        0     1                 .L0 
802009dc 802009dc        0     1                 .L0 
802009e4 802009e4        0     1                 .L0 
802009e8 802009e8        0     1                 .L0 
802009e8 802009e8        0     1                 .L0 
802009e8 802009e8        0     1                 .L0 
80200a02 80200a02        0     1                 .L0 
80200a02 80200a02        0     1                 .L0 
80200a04 80200a04        0     1                 .L0 
80200a04 80200a04        0     1                 .L0 
80200a04 80200a04        0     1                 .L0 
80200a04 80200a04        0     1                 .L0 
80200a04 80200a04        0     1                 .L0 
80200a04 80200a04        0     1                 .L0 
80200a04 80200a04       48     1                 fs_lookup
80200a0e 80200a0e        0     1                 .L0 
80200a0e 80200a0e        0     1                 .L0 
80200a16 80200a16        0     1                 .L0 
80200a20 80200a20        0     1                 .L0 
80200a20 80200a20        0     1                 .L0 
80200a22 80200a22        0     1                 .L0 
80200a22 80200a22        0     1                 .L0 
80200a26 80200a26        0     1                 .L0 
80200a34 80200a34        0     1                 .L0 
80200a38 80200a38        0     1                 .L0 
80200a38 80200a38        0     1                 .L0 
80200a3e 80200a3e        0     1                 .L0 
80200a40 80200a40        0     1                 .L0 
80200a40 80200a40        0     1                 .L0 
80200a40 80200a40        0     1                 .L0 
80200a46 80200a46        0     1                 .L0 
80200a46 80200a46        0     1                 .L0 
80200a48 80200a48        0     1                 .L0 
80200a4c 80200a4c        0     1                 .L0 
80200a4c 80200a4c        0     1                 .L0 
80200a4c 80200a4c        0     1                 .L0 
80200a4c 80200a4c        0     1                 .L0 
80200a4c 80200a4c        0     1                 .L0 
80200a4c 80200a4c       14     1                 putchar
80200a5e 80200a5e        0     1                 .L0 
80200a5e 80200a5e        0     1                 .L0 
80200a60 80200a60        0     1                 .L0 
80200a60 80200a60        0     1                 .L0 
80200a60 80200a60        0     1                 .L0 
80200a60 80200a60       16     1                 getchar
80200a74 80200a74        0     1                 .L0 
80200a74 80200a74        0     1                 .L0 
80200a76 80200a76        0     1                 .L0 
80200a78 80200a78        0     1                 .L0 
80200a78 80200a78        0     1                 .L0 
80200a78 80200a78        0     1                 .L0 
80200a78 80200a78       96     1                 kernel_entry
80200b0e 80200b0e        0     1                 .L0 
80200b0e 80200b0e        0     1                 .L0 
80200b0e 80200b0e        0     1                 .L0 
80200b0e 80200b0e        0     1                 .L0 
80200b0e 80200b0e        0     1                 .L0 
80200b0e 80200b0e       18     1                 user_entry
80200b1a 80200b1a        0     1                 .L0 
80200b26 80200b26        0     1                 .L0 
80200b26 80200b26        0     1                 .L0 
80200b26 80200b26        0     1                 .L0 
80200b26 80200b26       46     1                 switch_context
80200b6c 80200b6c        0     1                 .L0 
80200b6c 80200b6c        0     1                 .L0 
80200b6c 80200b6c        0     1                 .L0 
80200b6c 80200b6c      274     1                 create_process
80200b88 80200b88        0     1                 .L0 
80200b96 80200b96        0     1                 .L0 
80200b96 80200b96        0     1                 .L0 
80200b98 80200b98        0     1                 .L0 
80200b98 80200b98        0     1                 .L0 
80200b9a 80200b9a        0     1                 .L0 
80200b9a 80200b9a        0     1                 .L0 
80200ba2 80200ba2        0     1                 .L0 
80200ba4 80200ba4        0     1                 .L0 
80200ba4 80200ba4        0     1                 .L0 
80200bac 80200bac        0     1                 .L0 
80200bae 80200bae        0     1                 .L0 
80200bae 80200bae        0     1                 .L0 
80200bb6 80200bb6        0     1                 .L0 
80200bb8 80200bb8        0     1                 .L0 
80200bb8 80200bb8        0     1                 .L0 
80200bc0 80200bc0        0     1                 .L0 
80200bc2 80200bc2        0     1                 .L0 
80200bc2 80200bc2        0     1                 .L0 
80200bca 80200bca        0     1                 .L0 
80200bcc 80200bcc        0     1                 .L0 
80200bcc 80200bcc        0     1                 .L0 
80200bd4 80200bd4        0     1                 .L0 
80200bd6 80200bd6        0     1                 .L0 
80200bd6 80200bd6        0     1                 .L0 
80200bde 80200bde        0     1                 .L0 
80200be0 80200be0        0     1                 .L0 
80200be0 80200be0        0     1                 .L0 
80200bf6 80200bf6        0     1                 .L0 
80200bf6 80200bf6        0     1                 .L0 
80200bf8 80200bf8        0     1                 .L0 
80200bf8 80200bf8        0     1                 .L0 
80200bf8 80200bf8        0     1                 .L0 
80200bfc 80200bfc        0     1                 .L0 
80200bfc 80200bfc        0     1                 .L0 
80200c02 80200c02        0     1                 .L0 
80200c04 80200c04        0     1                 .L0 
80200c04 80200c04        0     1                 .L0 
80200c04 80200c04        0     1                 .L0 
80200c0c 80200c0c        0     1                 .L0 
80200c0e 80200c0e        0     1                 .L0 
80200c0e 80200c0e        0     1                 .L0 
80200c0e 80200c0e        0     1                 .L0 
80200c16 80200c16        0     1                 .L0 
80200c18 80200c18        0     1                 .L0 
80200c18 80200c18        0     1                 .L0 
80200c18 80200c18        0     1                 .L0 
80200c20 80200c20        0     1                 .L0 
80200c22 80200c22        0     1                 .L0 
80200c22 80200c22        0     1                 .L0 
80200c22 80200c22        0     1                 .L0 
80200c2a 80200c2a        0     1                 .L0 
80200c2c 80200c2c        0     1                 .L0 
80200c2c 80200c2c        0     1                 .L0 
80200c2c 80200c2c        0     1                 .L0 
80200c34 80200c34        0     1                 .L0 
80200c36 80200c36        0     1                 .L0 
80200c36 80200c36        0     1                 .L0 
80200c36 80200c36        0     1                 .L0 
80200c3e 80200c3e        0     1                 .L0 
80200c3e 80200c3e        0     1                 .L0 
80200c44 80200c44        0     1                 .L0 
80200c46 80200c46        0     1                 .L0 
80200c46 80200c46        0     1                 .L0 
80200c4a 80200c4a        0     1                 .L0 
80200c4a 80200c4a        0     1                 .L0 
80200c4e 80200c4e        0     1                 .L0 
80200c4e 80200c4e        0     1                 .L0 
80200c52 80200c52        0     1                 .L0 
80200c52 80200c52        0     1                 .L0 
80200c56 80200c56        0     1                 .L0 
80200c56 80200c56        0     1                 .L0 
80200c5a 80200c5a        0     1                 .L0 
80200c5a 80200c5a        0     1                 .L0 
80200c5e 80200c5e        0     1                 .L0 
80200c5e 80200c5e        0     1                 .L0 
80200c62 80200c62        0     1                 .L0 
80200c62 80200c62        0     1                 .L0 
80200c66 80200c66        0     1                 .L0 
80200c66 80200c66        0     1                 .L0 
80200c6a 80200c6a        0     1                 .L0 
80200c6a 80200c6a        0     1                 .L0 
80200c6e 80200c6e        0     1                 .L0 
80200c6e 80200c6e        0     1                 .L0 
80200c72 80200c72        0     1                 .L0 
80200c72 80200c72        0     1                 .L0 
80200c7a 80200c7a        0     1                 .L0 
80200c7a 80200c7a        0     1                 .L0 
80200c88 80200c88        0     1                 .L0 
80200c88 80200c88        0     1                 .L0 
80200c8e 80200c8e        0     1                 .L0 
80200c96 80200c96        0     1                 .L0 
80200c96 80200c96        0     1                 .L0 
80200c9a 80200c9a        0     1                 .L0 
80200c9a 80200c9a        0     1                 .L0 
80200c9e 80200c9e        0     1                 .L0 
80200c9e 80200c9e        0     1                 .L0 
80200cb4 80200cb4        0     1                 .L0 
80200cb4 80200cb4        0     1                 .L0 
80200cb6 80200cb6        0     1                 .L0 
80200cb6 80200cb6        0     1                 .L0 
80200cb8 80200cb8        0     1                 .L0 
80200cc2 80200cc2        0     1                 .L0 
80200cc2 80200cc2        0     1                 .L0 
80200cca 80200cca        0     1                 .L0 
80200cca 80200cca        0     1                 .L0 
80200cce 80200cce        0     1                 .L0 
80200cce 80200cce        0     1                 .L0 
80200cce 80200cce        0     1                 .L0 
80200cda 80200cda        0     1                 .L0 
80200cda 80200cda        0     1                 .L0 
80200cdc 80200cdc        0     1                 .L0 
80200ce0 80200ce0        0     1                 .L0 
80200ce0 80200ce0        0     1                 .L0 
80200ce0 80200ce0        0     1                 .L0 
80200ce4 80200ce4        0     1                 .L0 
80200ce8 80200ce8        0     1                 .L0 
80200cea 80200cea        0     1                 .L0 
80200cea 80200cea        0     1                 .L0 
80200cf2 80200cf2        0     1                 .L0 
80200cf2 80200cf2        0     1                 .L0 
80200cf4 80200cf4        0     1                 .L0 
80200cfa 80200cfa        0     1                 .L0 
80200cfe 80200cfe        0     1                 .L0 
80200d14 80200d14        0     1                 .L0 
80200d14 80200d14        0     1                 .L0 
80200d16 80200d16        0     1                 .L0 
80200d16 80200d16        0     1                 .L0 
80200d1e 80200d1e        0     1                 .L0 
80200d1e 80200d1e        0     1                 .L0 
80200d20 80200d20        0     1                 .L0 
80200d24 80200d24        0     1                 .L0 
80200d26 80200d26        0     1                 .L0 
80200d2a 80200d2a        0     1                 .L0 
80200d2a 80200d2a        0     1                 .L0 
80200d2a 80200d2a        0     1                 .L0 
80200d2e 80200d2e        0     1                 .L0 
80200d2e 80200d2e        0     1                 .L0 
80200d36 80200d36        0     1                 .L0 
80200d38 80200d38        0     1                 .L0 
80200d38 80200d38        0     1                 .L0 
80200d3c 80200d3c        0     1                 .L0 
80200d3c 80200d3c        0     1                 .L0 
80200d4e 80200d4e        0     1                 .L0 
80200d4e 80200d4e        0     1                 .L0 
80200d50 80200d50        0     1                 .L0 
80200d50 80200d50        0     1                 .L0 
80200d52 80200d52        0     1                 .L0 
80200d56 80200d56        0     1                 .L0 
80200d56 80200d56        0     1                 .L0 
80200d5a 80200d5a        0     1                 .L0 
80200d64 80200d64        0     1                 .L0 
80200d64 80200d64        0     1                 .L0 
80200d66 80200d66        0     1                 .L0 
80200d66 80200d66        0     1                 .L0 
80200d6e 80200d6e        0     1                 .L0 
80200d72 80200d72        0     1                 .L0 
80200d72 80200d72        0     1                 .L0 
80200d72 80200d72        0     1                 .L0 
80200d76 80200d76        0     1                 .L0 
80200d76 80200d76        0     1                 .L0 
80200d7e 80200d7e        0     1                 .L0 
80200d82 80200d82        0     1                 .L0 
80200d8a 80200d8a        0     1                 .L0 
80200d8a 80200d8a        0     1                 .L0 
80200d8c 80200d8c        0     1                 .L0 
80200d8c 80200d8c        0     1                 .L0 
80200d90 80200d90        0     1                 .L0 
80200d90 80200d90        0     1                 .L0 
80200d94 80200d94        0     1                 .L0 
80200d96 80200d96        0     1                 .L0 
80200d9c 80200d9c        0     1                 .L0 
80200da0 80200da0        0     1                 .L0 
80200da4 80200da4        0     1                 .L0 
80200da8 80200da8        0     1                 .L0 
80200db6 80200db6        0     1                 .L0 
80200db6 80200db6        0     1                 .L0 
80200db8 80200db8        0     1                 .L0 
80200dba 80200dba        0     1                 .L0 
80200dbe 80200dbe        0     1                 .L0 
80200dc4 80200dc4        0     1                 .L0 
80200dc8 80200dc8        0     1                 .L0 
80200dc8 80200dc8        0     1                 .L0 
80200dc8 80200dc8        0     1                 .L0 
80200dde 80200dde        0     1                 .L0 
80200dde 80200dde        0     1                 .L0 
80200de0 80200de0        0     1                 .L0 
80200de0 80200de0        0     1                 .L0 
80200de0 80200de0        0     1                 .L0 
80200de0 80200de0        0     1                 .L0 
80200de0 80200de0        0     1                 .L0 
80200de0 80200de0        0     1                 .L0 
80200de0 80200de0      196     1                 yield
80200dea 80200dea        0     1                 .L0 
80200dee 80200dee        0     1                 .L0 
80200dee 80200dee        0     1                 .L0 
80200dfc 80200dfc        0     1                 .L0 
80200e0e 80200e0e        0     1                 .L0 
80200e0e 80200e0e        0     1                 .L0 
80200e10 80200e10        0     1                 .L0 
80200e10 80200e10        0     1                 .L0 
80200e14 80200e14        0     1                 .L0 
80200e14 80200e14        0     1                 .L0 
80200e16 80200e16        0     1                 .L0 
80200e16 80200e16        0     1                 .L0 
80200e1a 80200e1a        0     1                 .L0 
80200e1c 80200e1c        0     1                 .L0 
80200e20 80200e20        0     1                 .L0 
80200e20 80200e20        0     1                 .L0 
80200e20 80200e20        0     1                 .L0 
80200e24 80200e24        0     1                 .L0 
80200e28 80200e28        0     1                 .L0 
80200e30 80200e30        0     1                 .L0 
80200e3c 80200e3c        0     1                 .L0 
80200e3c 80200e3c        0     1                 .L0 
80200e3e 80200e3e        0     1                 .L0 
80200e42 80200e42        0     1                 .L0 
80200e44 80200e44        0     1                 .L0 
80200e48 80200e48        0     1                 .L0 
80200e48 80200e48        0     1                 .L0 
80200e48 80200e48        0     1                 .L0 
80200e4c 80200e4c        0     1                 .L0 
80200e50 80200e50        0     1                 .L0 
80200e58 80200e58        0     1                 .L0 
80200e64 80200e64        0     1                 .L0 
80200e64 80200e64        0     1                 .L0 
80200e68 80200e68        0     1                 .L0 
80200e6c 80200e6c        0     1                 .L0 
80200e6e 80200e6e        0     1                 .L0 
80200e72 80200e72        0     1                 .L0 
80200e72 80200e72        0     1                 .L0 
80200e72 80200e72        0     1                 .L0 
80200e76 80200e76        0     1                 .L0 
80200e7a 80200e7a        0     1                 .L0 
80200e82 80200e82        0     1                 .L0 
80200e8e 80200e8e        0     1                 .L0 
80200e8e 80200e8e        0     1                 .L0 
80200e90 80200e90        0     1                 .L0 
80200e94 80200e94        0     1                 .L0 
80200e96 80200e96        0     1                 .L0 
80200e9a 80200e9a        0     1                 .L0 
80200e9a 80200e9a        0     1                 .L0 
80200e9a 80200e9a        0     1                 .L0 
80200e9e 80200e9e        0     1                 .L0 
80200ea2 80200ea2        0     1                 .L0 
80200eaa 80200eaa        0     1                 .L0 
80200eb6 80200eb6        0     1                 .L0 
80200eb6 80200eb6        0     1                 .L0 
80200eba 80200eba        0     1                 .L0 
80200ebe 80200ebe        0     1                 .L0 
80200ec0 80200ec0        0     1                 .L0 
80200ec4 80200ec4        0     1                 .L0 
80200ec4 80200ec4        0     1                 .L0 
80200ec4 80200ec4        0     1                 .L0 
80200ec8 80200ec8        0     1                 .L0 
80200ecc 80200ecc        0     1                 .L0 
80200ed4 80200ed4        0     1                 .L0 
80200ee0 80200ee0        0     1                 .L0 
80200ee0 80200ee0        0     1                 .L0 
80200ee2 80200ee2        0     1                 .L0 
80200ee6 80200ee6        0     1                 .L0 
80200ee8 80200ee8        0     1                 .L0 
80200eec 80200eec        0     1                 .L0 
80200eec 80200eec        0     1                 .L0 
80200eec 80200eec        0     1                 .L0 
80200ef0 80200ef0        0     1                 .L0 
80200ef4 80200ef4        0     1                 .L0 
80200efc 80200efc        0     1                 .L0 
80200f08 80200f08        0     1                 .L0 
80200f08 80200f08        0     1                 .L0 
80200f0c 80200f0c        0     1                 .L0 
80200f10 80200f10        0     1                 .L0 
80200f12 80200f12        0     1                 .L0 
80200f16 80200f16        0     1                 .L0 
80200f16 80200f16        0     1                 .L0 
80200f16 80200f16        0     1                 .L0 
80200f18 80200f18        0     1                 .L0 
80200f24 80200f24        0     1                 .L0 
80200f30 80200f30        0     1                 .L0 
80200f32 80200f32        0     1                 .L0 
80200f36 80200f36        0     1                 .L0 
80200f38 80200f38        0     1                 .L0 
80200f3c 80200f3c        0     1                 .L0 
80200f3c 80200f3c        0     1                 .L0 
80200f3c 80200f3c        0     1                 .L0 
80200f3e 80200f3e        0     1                 .L0 
80200f3e 80200f3e        0     1                 .L0 
80200f3e 80200f3e        0     1                 .L0 
80200f42 80200f42        0     1                 .L0 
80200f42 80200f42        0     1                 .L0 
80200f44 80200f44        0     1                 .L0 
80200f4c 80200f4c        0     1                 .L0 
80200f52 80200f52        0     1                 .L0 
80200f58 80200f58        0     1                 .L0 
80200f5c 80200f5c        0     1                 .L0 
80200f5e 80200f5e        0     1                 .L0 
80200f5e 80200f5e        0     1                 .L0 
80200f62 80200f62        0     1                 .L0 
80200f72 80200f72        0     1                 .L0 
80200f72 80200f72        0     1                 .L0 
80200f74 80200f74        0     1                 .L0 
80200f74 80200f74        0     1                 .L0 
80200f76 80200f76        0     1                 .L0 
80200f76 80200f76        0     1                 .L0 
80200f76 80200f76        0     1                 .L0 
80200f76 80200f76        0     1                 .L0 
80200f76 80200f76        0     1                 .L0 
80200f76 80200f76      226     1                 handle_syscall
80200f92 80200f92        0     1                 .L0 
80200f92 80200f92        0     1                 .L0 
80200fb2 80200fb2        0     1                 .L0 
80200fb6 80200fb6        0     1                 .L0 
80200fb8 80200fb8        0     1                 .L0 
80200fbc 80200fbc        0     1                 .L0 
80200fbe 80200fbe        0     1                 .L0 
80200fc2 80200fc2        0     1                 .L0 
80200fc4 80200fc4        0     1                 .L0 
80200fc8 80200fc8        0     1                 .L0 
80200fcc 80200fcc        0     1                 .L0 
80200fd0 80200fd0        0     1                 .L0 
80200fd2 80200fd2        0     1                 .L0 
80200fdc 80200fdc        0     1                 .L0 
80200fdc 80200fdc        0     1                 .L0 
80200fe2 80200fe2        0     1                 .L0 
80200fe4 80200fe4        0     1                 .L0 
80200fe6 80200fe6        0     1                 .L0 
80200fe6 80200fe6        0     1                 .L0 
80200ffc 80200ffc        0     1                 .L0 
80200ffc 80200ffc        0     1                 .L0 
80200ffe 80200ffe        0     1                 .L0 
80200ffe 80200ffe        0     1                 .L0 
80200ffe 80200ffe        0     1                 .L0 
80201008 80201008        0     1                 .L0 
80201008 80201008        0     1                 .L0 
8020101e 8020101e        0     1                 .L0 
8020102e 8020102e        0     1                 .L0 
8020103e 8020103e        0     1                 .L0 
80201046 80201046        0     1                 .L0 
80201046 80201046        0     1                 .L0 
8020104e 8020104e        0     1                 .L0 
80201056 80201056        0     1                 .L0 
80201056 80201056        0     1                 .L0 
80201058 80201058        0     1                 .L0 
80201058 80201058        0     1                 .L0 
8020105c 8020105c        0     1                 .L0 
80201068 80201068        0     1                 .L0 
80201068 80201068        0     1                 .L0 
8020106a 8020106a        0     1                 .L0 
8020106a 8020106a        0     1                 .L0 
80201076 80201076        0     1                 .L0 
80201076 80201076        0     1                 .L0 
80201078 80201078        0     1                 .L0 
80201078 80201078        0     1                 .L0 
8020107a 8020107a        0     1                 .L0 
8020107a 8020107a        0     1                 .L0 
8020107a 8020107a        0     1                 .L0 
8020107e 8020107e        0     1                 .L0 
8020107e 8020107e        0     1                 .L0 
80201090 80201090        0     1                 .L0 
80201090 80201090        0     1                 .L0 
80201092 80201092        0     1                 .L0 
80201092 80201092        0     1                 .L0 
80201092 80201092        0     1                 .L0 
802010a6 802010a6        0     1                 .L0 
802010a6 802010a6        0     1                 .L0 
802010aa 802010aa        0     1                 .L0 
802010aa 802010aa        0     1                 .L0 
802010aa 802010aa        0     1                 .L0 
802010ac 802010ac        0     1                 .L0 
802010ac 802010ac        0     1                 .L0 
802010c0 802010c0        0     1                 .L0 
802010c0 802010c0        0     1                 .L0 
802010c4 802010c4        0     1                 .L0 
802010c4 802010c4        0     1                 .L0 
802010c4 802010c4        0     1                 .L0 
802010e0 802010e0        0     1                 .L0 
802010e0 802010e0        0     1                 .L0 
802010e0 802010e0        0     1                 .L0 
802010f6 802010f6        0     1                 .L0 
802010f6 802010f6        0     1                 .L0 
802010f8 802010f8        0     1                 .L0 
802010f8 802010f8        0     1                 .L0 
802010fc 802010fc        0     1                 .L0 
802010fc 802010fc        0     1                 .L0 
80201114 80201114        0     1                 .L0 
80201116 80201116        0     1                 .L0 
8020111e 8020111e        0     1                 .L0 
80201122 80201122        0     1                 .L0 
80201126 80201126        0     1                 .L0 
80201126 80201126        0     1                 .L0 
80201128 80201128        0     1                 .L0 
80201128 80201128        0     1                 .L0 
80201146 80201146        0     1                 .L0 
8020114a 8020114a        0     1                 .L0 
8020114e 8020114e        0     1                 .L0 
80201154 80201154        0     1                 .L0 
80201154 80201154        0     1                 .L0 
80201158 80201158        0     1                 .L0 
8020115c 8020115c        0     1                 .L0 
8020115c 8020115c        0     1                 .L0 
8020115e 8020115e        0     1                 .L0 
8020115e 8020115e        0     1                 .L0 
8020115e 8020115e        0     1                 .L0 
80201162 80201162        0     1                 .L0 
80201166 80201166        0     1                 .L0 
80201166 80201166        0     1                 .L0 
80201166 80201166        0     1                 .L0 
80201180 80201180        0     1                 .L0 
80201180 80201180        0     1                 .L0 
80201184 80201184        0     1                 .L0 
80201198 80201198        0     1                 .L0 
8020119c 8020119c        0     1                 .L0 
8020119c 8020119c        0     1                 .L0 
8020119c 8020119c        0     1                 .L0 
8020119c 8020119c        0     1                 .L0 
8020119c 8020119c        0     1                 .L0 
8020119c 8020119c       42     1                 handle_trap
802011a2 802011a2        0     1                 .L0 
802011a2 802011a2        0     1                 .L0 
802011a6 802011a6        0     1                 .L0 
802011a6 802011a6        0     1                 .L0 
802011aa 802011aa        0     1                 .L0 
802011aa 802011aa        0     1                 .L0 
802011ac 802011ac        0     1                 .L0 
802011ac 802011ac        0     1                 .L0 
802011b0 802011b0        0     1                 .L0 
802011b0 802011b0        0     1                 .L0 
802011b4 802011b4        0     1                 .L0 
802011b4 802011b4        0     1                 .L0 
802011b6 802011b6        0     1                 .L0 
802011b6 802011b6        0     1                 .L0 
802011b8 802011b8        0     1                 .L0 
802011b8 802011b8        0     1                 .L0 
802011c0 802011c0        0     1                 .L0 
802011c0 802011c0        0     1                 .L0 
802011c4 802011c4        0     1                 .L0 
802011c4 802011c4        0     1                 .L0 
802011c4 802011c4        0     1                 .L0 
802011c8 802011c8        0     1                 .L0 
802011dc 802011dc        0     1                 .L0 
802011dc 802011dc        0     1                 .L0 
802011de 802011de        0     1                 .L0 
802011de 802011de        0     1                 .L0 
802011de 802011de        0     1                 .L0 
802011de 802011de        0     1                 .L0 
802011de 802011de        0     1                 .L0 
802011de 802011de      10a     1                 kernel_main
802011ea 802011ea        0     1                 .L0 
80201200 80201200        0     1                 .L0 
80201200 80201200        0     1                 .L0 
8020120a 8020120a        0     1                 .L0 
8020120a 8020120a        0     1                 .L0 
80201212 80201212        0     1                 .L0 
80201212 80201212        0     1                 .L0 
80201214 80201214        0     1                 .L0 
80201216 80201216        0     1                 .L0 
8020121e 8020121e        0     1                 .L0 
80201222 80201222        0     1                 .L0 
80201226 80201226        0     1                 .L0 
8020123c 8020123c        0     1                 .L0 
8020123c 8020123c        0     1                 .L0 
8020123e 8020123e        0     1                 .L0 
8020123e 8020123e        0     1                 .L0 
80201246 80201246        0     1                 .L0 
80201246 80201246        0     1                 .L0 
8020124a 8020124a        0     1                 .L0 
8020124a 8020124a        0     1                 .L0 
8020124c 8020124c        0     1                 .L0 
80201252 80201252        0     1                 .L0 
80201256 80201256        0     1                 .L0 
80201256 80201256        0     1                 .L0 
8020126c 8020126c        0     1                 .L0 
8020126c 8020126c        0     1                 .L0 
8020126e 8020126e        0     1                 .L0 
8020126e 8020126e        0     1                 .L0 
80201276 80201276        0     1                 .L0 
80201276 80201276        0     1                 .L0 
80201282 80201282        0     1                 .L0 
80201282 80201282        0     1                 .L0 
8020128e 8020128e        0     1                 .L0 
8020128e 8020128e        0     1                 .L0 
80201296 80201296        0     1                 .L0 
8020129a 8020129a        0     1                 .L0 
8020129a 8020129a        0     1                 .L0 
8020129e 8020129e        0     1                 .L0 
8020129e 8020129e        0     1                 .L0 
802012a2 802012a2        0     1                 .L0 
802012a2 802012a2        0     1                 .L0 
802012a8 802012a8        0     1                 .L0 
802012a8 802012a8        0     1                 .L0 
802012b2 802012b2        0     1                 .L0 
802012b4 802012b4        0     1                 .L0 
802012bc 802012bc        0     1                 .L0 
802012ce 802012ce        0     1                 .L0 
802012ce 802012ce        0     1                 .L0 
802012d0 802012d0        0     1                 .L0 
802012d0 802012d0        0     1                 .L0 
802012e6 802012e6        0     1                 .L0 
802012e6 802012e6        0     1                 .L0 
802012e8 802012e8        0     1                 .L0 
802012e8 802012e8        0     1                 .L0 
802012e8 802012e8      23a     2         /var/folders/4h/4r9wntq10l75vq5j2s935ycc0000gq/T/common-9162d0.o:(.text)
802012e8 802012e8        0     1                 .L0 
802012e8 802012e8        0     1                 .L0 
802012e8 802012e8        0     1                 $x
802012e8 802012e8        0     1                 .L0 
802012e8 802012e8       16     1                 memset
802012ec 802012ec        0     1                 .L0 
802012ec 802012ec        0     1                 .L0 
802012ee 802012ee        0     1                 .L0 
802012ee 802012ee        0     1                 .L0 
802012ee 802012ee        0     1                 .L0 
802012f2 802012f2        0     1                 .L0 
802012f2 802012f2        0     1                 .L0 
802012f6 802012f6        0     1                 .L0 
802012f8 802012f8        0     1                 .L0 
802012f8 802012f8        0     1                 .L0 
802012fc 802012fc        0     1                 .L0 
802012fc 802012fc        0     1                 .L0 
802012fc 802012fc        0     1                 .L0 
802012fe 802012fe        0     1                 .L0 
802012fe 802012fe        0     1                 .L0 
802012fe 802012fe        0     1                 .L0 
802012fe 802012fe        0     1                 .L0 
802012fe 802012fe        0     1                 .L0 
802012fe 802012fe       1c     1                 memcpy
80201302 80201302        0     1                 .L0 
80201302 80201302        0     1                 .L0 
80201304 80201304        0     1                 .L0 
80201304 80201304        0     1                 .L0 
80201304 80201304        0     1                 .L0 
80201308 80201308        0     1                 .L0 
8020130a 8020130a        0     1                 .L0 
8020130e 8020130e        0     1                 .L0 
8020130e 8020130e        0     1                 .L0 
80201312 80201312        0     1                 .L0 
80201314 80201314        0     1                 .L0 
80201314 80201314        0     1                 .L0 
80201318 80201318        0     1                 .L0 
80201318 80201318        0     1                 .L0 
80201318 80201318        0     1                 .L0 
8020131a 8020131a        0     1                 .L0 
8020131a 8020131a        0     1                 .L0 
8020131a 8020131a        0     1                 .L0 
8020131a 8020131a        0     1                 .L0 
8020131a 8020131a        0     1                 .L0 
8020131a 8020131a       24     1                 strcpy
80201320 80201320        0     1                 .L0 
80201324 80201324        0     1                 .L0 
80201324 80201324        0     1                 .L0 
80201326 80201326        0     1                 .L0 
80201326 80201326        0     1                 .L0 
80201326 80201326        0     1                 .L0 
8020132a 8020132a        0     1                 .L0 
8020132e 8020132e        0     1                 .L0 
80201332 80201332        0     1                 .L0 
80201332 80201332        0     1                 .L0 
80201334 80201334        0     1                 .L0 
80201334 80201334        0     1                 .L0 
80201336 80201336        0     1                 .L0 
80201338 80201338        0     1                 .L0 
80201338 80201338        0     1                 .L0 
80201338 80201338        0     1                 .L0 
8020133c 8020133c        0     1                 .L0 
8020133e 8020133e        0     1                 .L0 
8020133e 8020133e        0     1                 .L0 
8020133e 8020133e        0     1                 .L0 
8020133e 8020133e        0     1                 .L0 
8020133e 8020133e        0     1                 .L0 
8020133e 8020133e       24     1                 strcmp
80201342 80201342        0     1                 .L0 
80201344 80201344        0     1                 .L0 
80201346 80201346        0     1                 .L0 
80201346 80201346        0     1                 .L0 
80201346 80201346        0     1                 .L0 
8020134a 8020134a        0     1                 .L0 
8020134e 8020134e        0     1                 .L0 
8020134e 8020134e        0     1                 .L0 
80201352 80201352        0     1                 .L0 
80201354 80201354        0     1                 .L0 
80201356 80201356        0     1                 .L0 
80201358 80201358        0     1                 .L0 
80201358 80201358        0     1                 .L0 
8020135c 8020135c        0     1                 .L0 
80201360 80201360        0     1                 .L0 
80201362 80201362        0     1                 .L0 
80201362 80201362        0     1                 .L0 
80201362 80201362        0     1                 .L0 
80201362 80201362        0     1                 .L0 
80201362 80201362        0     1                 .L0 
80201362 80201362      1c0     1                 printf
80201380 80201380        0     1                 .L0 
80201390 80201390        0     1                 .L0 
802013b8 802013b8        0     1                 .L0 
802013b8 802013b8        0     1                 .L0 
802013bc 802013bc        0     1                 .L0 
802013bc 802013bc        0     1                 .L0 
802013be 802013be        0     1                 .L0 
802013be 802013be        0     1                 .L0 
802013c2 802013c2        0     1                 .L0 
802013ca 802013ca        0     1                 .L0 
802013ca 802013ca        0     1                 .L0 
802013ce 802013ce        0     1                 .L0 
802013ce 802013ce        0     1                 .L0 
802013d0 802013d0        0     1                 .L0 
802013d2 802013d2        0     1                 .L0 
802013d2 802013d2        0     1                 .L0 
802013d6 802013d6        0     1                 .L0 
802013d8 802013d8        0     1                 .L0 
802013e8 802013e8        0     1                 .L0 
802013e8 802013e8        0     1                 .L0 
802013f4 802013f4        0     1                 .L0 
802013f4 802013f4        0     1                 .L0 
802013f8 802013f8        0     1                 .L0 
802013f8 802013f8        0     1                 .L0 
802013fa 802013fa        0     1                 .L0 
80201400 80201400        0     1                 .L0 
80201400 80201400        0     1                 .L0 
80201400 80201400        0     1                 .L0 
80201408 80201408        0     1                 .L0 
80201408 80201408        0     1                 .L0 
80201412 80201412        0     1                 .L0 
80201412 80201412        0     1                 .L0 
80201416 80201416        0     1                 .L0 
80201416 80201416        0     1                 .L0 
80201418 80201418        0     1                 .L0 
8020141c 8020141c        0     1                 .L0 
80201420 80201420        0     1                 .L0 
80201420 80201420        0     1                 .L0 
80201426 80201426        0     1                 .L0 
80201426 80201426        0     1                 .L0 
80201428 80201428        0     1                 .L0 
8020142c 8020142c        0     1                 .L0 
80201430 80201430        0     1                 .L0 
80201430 80201430        0     1                 .L0 
80201436 80201436        0     1                 .L0 
80201436 80201436        0     1                 .L0 
80201438 80201438        0     1                 .L0 
8020143c 8020143c        0     1                 .L0 
80201440 80201440        0     1                 .L0 
80201440 80201440        0     1                 .L0 
80201446 80201446        0     1                 .L0 
80201446 80201446        0     1                 .L0 
80201448 80201448        0     1                 .L0 
8020144c 8020144c        0     1                 .L0 
80201450 80201450        0     1                 .L0 
80201450 80201450        0     1                 .L0 
80201456 80201456        0     1                 .L0 
80201456 80201456        0     1                 .L0 
80201458 80201458        0     1                 .L0 
8020145c 8020145c        0     1                 .L0 
80201460 80201460        0     1                 .L0 
80201460 80201460        0     1                 .L0 
80201466 80201466        0     1                 .L0 
80201466 80201466        0     1                 .L0 
80201468 80201468        0     1                 .L0 
8020146c 8020146c        0     1                 .L0 
80201470 80201470        0     1                 .L0 
80201470 80201470        0     1                 .L0 
80201476 80201476        0     1                 .L0 
80201476 80201476        0     1                 .L0 
80201478 80201478        0     1                 .L0 
8020147c 8020147c        0     1                 .L0 
80201480 80201480        0     1                 .L0 
80201480 80201480        0     1                 .L0 
80201482 80201482        0     1                 .L0 
80201482 80201482        0     1                 .L0 
80201484 80201484        0     1                 .L0 
80201488 80201488        0     1                 .L0 
80201488 80201488        0     1                 .L0 
8020148c 8020148c        0     1                 .L0 
8020148c 8020148c        0     1                 .L0 
8020148e 8020148e        0     1                 .L0 
80201490 80201490        0     1                 .L0 
80201490 80201490        0     1                 .L0 
80201490 80201490        0     1                 .L0 
8020149a 8020149a        0     1                 .L0 
8020149a 8020149a        0     1                 .L0 
8020149e 8020149e        0     1                 .L0 
802014a4 802014a4        0     1                 .L0 
802014a4 802014a4        0     1                 .L0 
802014a4 802014a4        0     1                 .L0 
802014ac 802014ac        0     1                 .L0 
802014ac 802014ac        0     1                 .L0 
802014b0 802014b0        0     1                 .L0 
802014b2 802014b2        0     1                 .L0 
802014b6 802014b6        0     1                 .L0 
802014b6 802014b6        0     1                 .L0 
802014b6 802014b6        0     1                 .L0 
802014be 802014be        0     1                 .L0 
802014be 802014be        0     1                 .L0 
802014c2 802014c2        0     1                 .L0 
802014c2 802014c2        0     1                 .L0 
802014c4 802014c4        0     1                 .L0 
802014c8 802014c8        0     1                 .L0 
802014c8 802014c8        0     1                 .L0 
802014ca 802014ca        0     1                 .L0 
802014ca 802014ca        0     1                 .L0 
802014ca 802014ca        0     1                 .L0 
802014ce 802014ce        0     1                 .L0 
802014d2 802014d2        0     1                 .L0 
802014d6 802014d6        0     1                 .L0 
802014d6 802014d6        0     1                 .L0 
802014d6 802014d6        0     1                 .L0 
802014d8 802014d8        0     1                 .L0 
802014d8 802014d8        0     1                 .L0 
802014dc 802014dc        0     1                 .L0 
802014e0 802014e0        0     1                 .L0 
802014e8 802014e8        0     1                 .L0 
802014e8 802014e8        0     1                 .L0 
802014f0 802014f0        0     1                 .L0 
802014f6 802014f6        0     1                 .L0 
802014f6 802014f6        0     1                 .L0 
802014fc 802014fc        0     1                 .L0 
802014fc 802014fc        0     1                 .L0 
802014fc 802014fc        0     1                 .L0 
80201504 80201504        0     1                 .L0 
80201504 80201504        0     1                 .L0 
80201504 80201504        0     1                 .L0 
80201508 80201508        0     1                 .L0 
8020151e 8020151e        0     1                 .L0 
80201522 80201522        0     1                 .L0 
80201522 80201522        0     1                 .L0 
80201524 80201524      326     4 .rodata
80201524 80201524      326     1         <internal>:(.rodata.str1.1)
8020184c 8020184c    10440     4 .data
8020184c 8020184c    10440     1         shell.bin.o:(.data)
8020184c 8020184c        0     1                 _binary_shell_bin_start
80211c8c 80211c8c        0     1                 _binary_shell_bin_end
80211c8c 80211c8c        4     4 .sdata
80211c8c 80211c8c        4     4         /var/folders/4h/4r9wntq10l75vq5j2s935ycc0000gq/T/kernel-3edfcf.o:(.sdata)
80211c8c 80211c8c        4     1                 alloc_pages.next_paddr
80211c8c 80211c8c        0     1                 $d
80211c90 80211c90    11370     4 .bss
80211c90 80211c90        0     1         __bss = .
80211c90 80211c90       18     4         /var/folders/4h/4r9wntq10l75vq5j2s935ycc0000gq/T/kernel-3edfcf.o:(.sbss)
80211c90 80211c90        0     1                 $d
80211c90 80211c90        4     1                 blk_request_vq
80211c94 80211c94        4     1                 blk_capacity
80211c98 80211c98        4     1                 blk_req_paddr
80211c9c 80211c9c        4     1                 blk_req
80211ca0 80211ca0        4     1                 idle_proc
80211ca4 80211ca4        4     1                 current_proc
80211ca8 80211ca8    11358     4         /var/folders/4h/4r9wntq10l75vq5j2s935ycc0000gq/T/kernel-3edfcf.o:(.bss)
80211ca8 80211ca8        0     1                 $d
80211ca8 80211ca8      a00     1                 disk
802126a8 802126a8      8d8     1                 files
80212f80 80212f80    10080     1                 procs
80223000 80223000        0     1         __bss_end = .
80223000 80223000        0     1 . = ALIGN ( 4 )
80223000 80223000    20000     1 . += 128 * 1024
80243000 80243000        0     1 __stack_top = .
80243000 80243000        0     1 . = ALIGN ( 4096 )
80243000 80243000        0     1 __free_ram = .
80243000 80243000  4000000     1 . += 64 * 1024 * 1024
84243000 84243000        0     1 __free_ram_end = .
       0        0      de6     1 .debug_loclists
       0        0      c41     1         /var/folders/4h/4r9wntq10l75vq5j2s935ycc0000gq/T/kernel-3edfcf.o:(.debug_loclists)
       0        0        0     1                 $d
       c        c        0     1                 .L0 
     c41      c41      1a5     1         /var/folders/4h/4r9wntq10l75vq5j2s935ycc0000gq/T/common-9162d0.o:(.debug_loclists)
     c41      c41        0     1                 $d
     c4d      c4d        0     1                 .L0 
       0        0      463     1 .debug_abbrev
       0        0      336     1         /var/folders/4h/4r9wntq10l75vq5j2s935ycc0000gq/T/kernel-3edfcf.o:(.debug_abbrev)
       0        0        0     1                 $d
     336      336      12d     1         /var/folders/4h/4r9wntq10l75vq5j2s935ycc0000gq/T/common-9162d0.o:(.debug_abbrev)
     336      336        0     1                 $d
       0        0     195a     1 .debug_info
       0        0     1725     1         /var/folders/4h/4r9wntq10l75vq5j2s935ycc0000gq/T/kernel-3edfcf.o:(.debug_info)
       0        0        0     1                 $d
    1725     1725      235     1         /var/folders/4h/4r9wntq10l75vq5j2s935ycc0000gq/T/common-9162d0.o:(.debug_info)
    1725     1725        0     1                 $d
       0        0      136     1 .debug_rnglists
       0        0      11b     1         /var/folders/4h/4r9wntq10l75vq5j2s935ycc0000gq/T/kernel-3edfcf.o:(.debug_rnglists)
       0        0        0     1                 $d
       c        c        0     1                 .L0 
     11b      11b       1b     1         /var/folders/4h/4r9wntq10l75vq5j2s935ycc0000gq/T/common-9162d0.o:(.debug_rnglists)
     11b      11b        0     1                 $d
     127      127        0     1                 .L0 
       0        0      398     1 .debug_str_offsets
       0        0      304     1         /var/folders/4h/4r9wntq10l75vq5j2s935ycc0000gq/T/kernel-3edfcf.o:(.debug_str_offsets)
       0        0        0     1                 $d
       8        8        0     1                 .L0 
     304      304       94     1         /var/folders/4h/4r9wntq10l75vq5j2s935ycc0000gq/T/common-9162d0.o:(.debug_str_offsets)
     304      304        0     1                 $d
     30c      30c        0     1                 .L0 
       0        0      61a     1 .debug_str
       0        0      61a     1         <internal>:(.debug_str)
       0        0      360     1 .debug_addr
       0        0      300     1         /var/folders/4h/4r9wntq10l75vq5j2s935ycc0000gq/T/kernel-3edfcf.o:(.debug_addr)
       0        0        0     1                 $d
       8        8        0     1                 .L0 
     300      300       60     1         /var/folders/4h/4r9wntq10l75vq5j2s935ycc0000gq/T/common-9162d0.o:(.debug_addr)
     300      300        0     1                 $d
     308      308        0     1                 .L0 
       0        0       3b     1 .comment
       0        0       3b     1         <internal>:(.comment)
       0        0       34     1 .riscv.attributes
       0        0       34     1         <internal>:(.riscv.attributes)
       0        0      324     4 .debug_frame
       0        0      2a0     4         /var/folders/4h/4r9wntq10l75vq5j2s935ycc0000gq/T/kernel-3edfcf.o:(.debug_frame)
       0        0        0     1                 .L0 
       0        0        0     1                 $d
     2a0      2a0       84     4         /var/folders/4h/4r9wntq10l75vq5j2s935ycc0000gq/T/common-9162d0.o:(.debug_frame)
     2a0      2a0        0     1                 .L0 
     2a0      2a0        0     1                 $d
       0        0     1a4b     1 .debug_line
       0        0     1671     1         /var/folders/4h/4r9wntq10l75vq5j2s935ycc0000gq/T/kernel-3edfcf.o:(.debug_line)
       0        0        0     1                 .Lline_table_start0
       0        0        0     1                 $d
    1671     1671      3da     1         /var/folders/4h/4r9wntq10l75vq5j2s935ycc0000gq/T/common-9162d0.o:(.debug_line)
    1671     1671        0     1                 .Lline_table_start0
    1671     1671        0     1                 $d
       0        0       50     1 .debug_line_str
       0        0       50     1         <internal>:(.debug_line_str)
       0        0      560     4 .symtab
       0        0      560     4         <internal>:(.symtab)
       0        0       e3     1 .shstrtab
       0        0       e3     1         <internal>:(.shstrtab)
       0        0      2de     1 .strtab
       0        0      2de     1         <internal>:(.strtab)
